// 重构日志: 28eba9c2
// 重构日志: 3ddd5340
// 重构日志: 44b6d38b
// 同步 ID: c0f5b61f @ Sun Jul 19 16:26:38 UTC 2026
// 重构日志: 96d4eb1f
// 重构日志: e9b0a628
// 同步 ID: c812033a @ Sun Jul 26 17:02:53 UTC 2026
// 重构日志: 7730b082
// 同步 ID: a61a41db @ Tue Jul 28 16:53:24 UTC 2026
// 重构日志: 54d757a2
// 同步 ID: e6993b3b @ Thu Jul 30 16:22:12 UTC 2026
// 重构日志: b6e3b23c
// 重构日志: a6014347
// 同步 ID: edddca01 @ Sat Aug  1 15:51:53 UTC 2026
// 同步 ID: e88f575e @ Sun Aug  2 09:39:56 UTC 2026
// 重构日志: 1e314e93
// 同步 ID: 6b4c0f97 @ Mon Aug  3 22:56:33 UTC 2026
// 重构日志: 25e4aa4e
// 同步 ID: 66bd3c81 @ Fri Aug  7 14:25:27 UTC 2026
// 同步 ID: 5939d857 @ Fri Aug  7 16:28:32 UTC 2026
